2026-09-18T10:28:22Z ps[elated_antonelli=Up 10 minutes;hardcore_ishizaka=Up 10 minutes;testcontainers-ryuk-388d0bca-8333-4864-b008-c36db17dd949=Up 10 minutes;] stats[elated_antonelli=1.63%,1.15GiB / 7.748GiB;hardcore_ishizaka=0.06%,196.3MiB / 1.5GiB;testcontainers-ryuk-388d0bca-8333-4864-b008-c36db17dd949=0.00%,11.71MiB / 7.748GiB;]
2026-09-18T10:28:54Z ps[silly_shannon=Up 29 seconds;testcontainers-ryuk-20cbfc58-4b86-4264-8bc2-b3927b19af96=Up 29 seconds;] stats[silly_shannon=28.24%,69.58MiB / 1.5GiB;testcontainers-ryuk-20cbfc58-4b86-4264-8bc2-b3927b19af96=0.04%,11.7MiB / 7.748GiB;]
2026-09-18T10:29:25Z ps[silly_shannon=Up About a minute;testcontainers-ryuk-20cbfc58-4b86-4264-8bc2-b3927b19af96=Up About a minute;] stats[silly_shannon=29.88%,101.3MiB / 1.5GiB;testcontainers-ryuk-20cbfc58-4b86-4264-8bc2-b3927b19af96=0.00%,11.7MiB / 7.748GiB;]
2026-09-18T10:29:56Z ps[silly_shannon=Up About a minute;testcontainers-ryuk-20cbfc58-4b86-4264-8bc2-b3927b19af96=Up About a minute;] stats[silly_shannon=29.49%,127.4MiB / 1.5GiB;testcontainers-ryuk-20cbfc58-4b86-4264-8bc2-b3927b19af96=0.00%,11.7MiB / 7.748GiB;]
2026-09-18T10:30:28Z ps[silly_shannon=Up 2 minutes;testcontainers-ryuk-20cbfc58-4b86-4264-8bc2-b3927b19af96=Up 2 minutes;] stats[silly_shannon=29.44%,152.4MiB / 1.5GiB;testcontainers-ryuk-20cbfc58-4b86-4264-8bc2-b3927b19af96=0.00%,11.7MiB / 7.748GiB;]
2026-09-18T10:30:59Z ps[silly_shannon=Up 2 minutes;testcontainers-ryuk-20cbfc58-4b86-4264-8bc2-b3927b19af96=Up 2 minutes;] stats[silly_shannon=29.70%,174MiB / 1.5GiB;testcontainers-ryuk-20cbfc58-4b86-4264-8bc2-b3927b19af96=0.00%,11.7MiB / 7.748GiB;]
2026-09-18T10:31:31Z ps[silly_shannon=Up 3 minutes;testcontainers-ryuk-20cbfc58-4b86-4264-8bc2-b3927b19af96=Up 3 minutes;] stats[silly_shannon=30.30%,180.1MiB / 1.5GiB;testcontainers-ryuk-20cbfc58-4b86-4264-8bc2-b3927b19af96=0.00%,11.7MiB / 7.748GiB;]
2026-09-18T10:32:03Z ps[awesome_goldberg=Up 19 seconds;testcontainers-ryuk-20cbfc58-4b86-4264-8bc2-b3927b19af96=Up 3 minutes;] stats[awesome_goldberg=51.76%,117.9MiB / 1.5GiB;testcontainers-ryuk-20cbfc58-4b86-4264-8bc2-b3927b19af96=0.00%,11.45MiB / 7.748GiB;]
2026-09-18T10:32:35Z ps[awesome_goldberg=Up 51 seconds;testcontainers-ryuk-20cbfc58-4b86-4264-8bc2-b3927b19af96=Up 4 minutes;] stats[awesome_goldberg=52.23%,183.3MiB / 1.5GiB;testcontainers-ryuk-20cbfc58-4b86-4264-8bc2-b3927b19af96=0.00%,11.45MiB / 7.748GiB;]
2026-09-18T10:33:06Z ps[awesome_goldberg=Up About a minute;testcontainers-ryuk-20cbfc58-4b86-4264-8bc2-b3927b19af96=Up 4 minutes;] stats[awesome_goldberg=50.71%,194MiB / 1.5GiB;testcontainers-ryuk-20cbfc58-4b86-4264-8bc2-b3927b19af96=0.00%,11.45MiB / 7.748GiB;]
2026-09-18T10:33:37Z ps[awesome_goldberg=Up About a minute;testcontainers-ryuk-20cbfc58-4b86-4264-8bc2-b3927b19af96=Up 5 minutes;] stats[awesome_goldberg=51.97%,203.6MiB / 1.5GiB;testcontainers-ryuk-20cbfc58-4b86-4264-8bc2-b3927b19af96=0.00%,11.45MiB / 7.748GiB;]
2026-09-18T10:34:09Z ps[awesome_goldberg=Up 2 minutes;testcontainers-ryuk-20cbfc58-4b86-4264-8bc2-b3927b19af96=Up 5 minutes;] stats[awesome_goldberg=51.93%,204MiB / 1.5GiB;testcontainers-ryuk-20cbfc58-4b86-4264-8bc2-b3927b19af96=0.00%,11.45MiB / 7.748GiB;]
2026-09-18T10:34:42Z ps[awesome_goldberg=Up 2 minutes;testcontainers-ryuk-20cbfc58-4b86-4264-8bc2-b3927b19af96=Up 6 minutes;] stats[awesome_goldberg=52.05%,204.2MiB / 1.5GiB;testcontainers-ryuk-20cbfc58-4b86-4264-8bc2-b3927b19af96=0.00%,11.45MiB / 7.748GiB;]
2026-09-18T10:35:14Z ps[awesome_goldberg=Up 3 minutes;testcontainers-ryuk-20cbfc58-4b86-4264-8bc2-b3927b19af96=Up 6 minutes;] stats[testcontainers-ryuk-20cbfc58-4b86-4264-8bc2-b3927b19af96=0.00%,11.45MiB / 7.748GiB;]
2026-09-18T10:35:45Z ps[vibrant_jepsen=Up 29 seconds;testcontainers-ryuk-20cbfc58-4b86-4264-8bc2-b3927b19af96=Up 7 minutes;] stats[vibrant_jepsen=72.39%,176.4MiB / 1.5GiB;testcontainers-ryuk-20cbfc58-4b86-4264-8bc2-b3927b19af96=0.00%,11.45MiB / 7.748GiB;]
2026-09-18T10:36:17Z ps[vibrant_jepsen=Up About a minute;testcontainers-ryuk-20cbfc58-4b86-4264-8bc2-b3927b19af96=Up 7 minutes;] stats[vibrant_jepsen=52.59%,187.5MiB / 1.5GiB;testcontainers-ryuk-20cbfc58-4b86-4264-8bc2-b3927b19af96=0.00%,11.45MiB / 7.748GiB;]
2026-09-18T10:36:48Z ps[vibrant_jepsen=Up About a minute;testcontainers-ryuk-20cbfc58-4b86-4264-8bc2-b3927b19af96=Up 8 minutes;] stats[vibrant_jepsen=54.94%,207.2MiB / 1.5GiB;testcontainers-ryuk-20cbfc58-4b86-4264-8bc2-b3927b19af96=0.00%,11.45MiB / 7.748GiB;]
2026-09-18T10:37:20Z ps[vibrant_jepsen=Up 2 minutes;testcontainers-ryuk-20cbfc58-4b86-4264-8bc2-b3927b19af96=Up 8 minutes;] stats[vibrant_jepsen=54.66%,203.7MiB / 1.5GiB;testcontainers-ryuk-20cbfc58-4b86-4264-8bc2-b3927b19af96=0.00%,11.45MiB / 7.748GiB;]
2026-09-18T10:37:51Z ps[vibrant_jepsen=Up 2 minutes;testcontainers-ryuk-20cbfc58-4b86-4264-8bc2-b3927b19af96=Up 9 minutes;] stats[vibrant_jepsen=73.91%,203.6MiB / 1.5GiB;testcontainers-ryuk-20cbfc58-4b86-4264-8bc2-b3927b19af96=0.00%,11.45MiB / 7.748GiB;]
2026-09-18T10:38:23Z ps[vibrant_jepsen=Up 3 minutes;testcontainers-ryuk-20cbfc58-4b86-4264-8bc2-b3927b19af96=Up 9 minutes;] stats[vibrant_jepsen=52.99%,204.3MiB / 1.5GiB;testcontainers-ryuk-20cbfc58-4b86-4264-8bc2-b3927b19af96=0.00%,11.45MiB / 7.748GiB;]
2026-09-18T10:38:56Z ps[agitated_hofstadter=Up 8 seconds;testcontainers-ryuk-20cbfc58-4b86-4264-8bc2-b3927b19af96=Up 10 minutes;] stats[agitated_hofstadter=93.60%,122.7MiB / 1.5GiB;testcontainers-ryuk-20cbfc58-4b86-4264-8bc2-b3927b19af96=0.00%,11.45MiB / 7.748GiB;]
2026-09-18T10:39:28Z ps[agitated_hofstadter=Up 40 seconds;testcontainers-ryuk-20cbfc58-4b86-4264-8bc2-b3927b19af96=Up 11 minutes;] stats[agitated_hofstadter=93.59%,150.6MiB / 1.5GiB;testcontainers-ryuk-20cbfc58-4b86-4264-8bc2-b3927b19af96=0.00%,11.45MiB / 7.748GiB;]
2026-09-18T10:40:00Z ps[agitated_hofstadter=Up About a minute;testcontainers-ryuk-20cbfc58-4b86-4264-8bc2-b3927b19af96=Up 11 minutes;] stats[agitated_hofstadter=94.64%,176.2MiB / 1.5GiB;testcontainers-ryuk-20cbfc58-4b86-4264-8bc2-b3927b19af96=0.00%,11.45MiB / 7.748GiB;]
2026-09-18T10:40:32Z ps[agitated_hofstadter=Up About a minute;testcontainers-ryuk-20cbfc58-4b86-4264-8bc2-b3927b19af96=Up 12 minutes;] stats[agitated_hofstadter=99.80%,196.6MiB / 1.5GiB;testcontainers-ryuk-20cbfc58-4b86-4264-8bc2-b3927b19af96=0.00%,11.45MiB / 7.748GiB;]
2026-09-18T10:41:04Z ps[agitated_hofstadter=Up 2 minutes;testcontainers-ryuk-20cbfc58-4b86-4264-8bc2-b3927b19af96=Up 12 minutes;] stats[agitated_hofstadter=95.46%,217.8MiB / 1.5GiB;testcontainers-ryuk-20cbfc58-4b86-4264-8bc2-b3927b19af96=0.00%,11.45MiB / 7.748GiB;]
2026-09-18T10:41:36Z ps[agitated_hofstadter=Up 2 minutes;testcontainers-ryuk-20cbfc58-4b86-4264-8bc2-b3927b19af96=Up 13 minutes;] stats[agitated_hofstadter=93.41%,240.6MiB / 1.5GiB;testcontainers-ryuk-20cbfc58-4b86-4264-8bc2-b3927b19af96=0.00%,11.45MiB / 7.748GiB;]
2026-09-18T10:42:07Z ps[naughty_mcclintock=Up Less than a second;testcontainers-ryuk-20cbfc58-4b86-4264-8bc2-b3927b19af96=Up 13 minutes;] stats[naughty_mcclintock=142.25%,110.2MiB / 1.5GiB;testcontainers-ryuk-20cbfc58-4b86-4264-8bc2-b3927b19af96=0.00%,11.45MiB / 7.748GiB;]
2026-09-18T10:42:39Z ps[naughty_mcclintock=Up 32 seconds;testcontainers-ryuk-20cbfc58-4b86-4264-8bc2-b3927b19af96=Up 14 minutes;] stats[naughty_mcclintock=122.94%,262.2MiB / 1.5GiB;testcontainers-ryuk-20cbfc58-4b86-4264-8bc2-b3927b19af96=0.00%,11.45MiB / 7.748GiB;]
2026-09-18T10:43:11Z ps[naughty_mcclintock=Up About a minute;testcontainers-ryuk-20cbfc58-4b86-4264-8bc2-b3927b19af96=Up 14 minutes;] stats[naughty_mcclintock=121.11%,273.7MiB / 1.5GiB;testcontainers-ryuk-20cbfc58-4b86-4264-8bc2-b3927b19af96=0.00%,11.45MiB / 7.748GiB;]
2026-09-18T10:43:42Z ps[naughty_mcclintock=Up About a minute;testcontainers-ryuk-20cbfc58-4b86-4264-8bc2-b3927b19af96=Up 15 minutes;] stats[naughty_mcclintock=130.10%,289.5MiB / 1.5GiB;testcontainers-ryuk-20cbfc58-4b86-4264-8bc2-b3927b19af96=0.00%,11.45MiB / 7.748GiB;]
2026-09-18T10:44:14Z ps[naughty_mcclintock=Up 2 minutes;testcontainers-ryuk-20cbfc58-4b86-4264-8bc2-b3927b19af96=Up 15 minutes;] stats[naughty_mcclintock=123.06%,284.7MiB / 1.5GiB;testcontainers-ryuk-20cbfc58-4b86-4264-8bc2-b3927b19af96=0.00%,11.45MiB / 7.748GiB;]
2026-09-18T10:44:45Z ps[naughty_mcclintock=Up 2 minutes;testcontainers-ryuk-20cbfc58-4b86-4264-8bc2-b3927b19af96=Up 16 minutes;] stats[naughty_mcclintock=131.66%,284.1MiB / 1.5GiB;testcontainers-ryuk-20cbfc58-4b86-4264-8bc2-b3927b19af96=0.00%,11.45MiB / 7.748GiB;]
2026-09-18T10:45:17Z ps[naughty_mcclintock=Up 3 minutes;testcontainers-ryuk-20cbfc58-4b86-4264-8bc2-b3927b19af96=Up 16 minutes;] stats[naughty_mcclintock=123.94%,286.5MiB / 1.5GiB;testcontainers-ryuk-20cbfc58-4b86-4264-8bc2-b3927b19af96=0.00%,11.45MiB / 7.748GiB;]
2026-09-18T10:45:50Z ps[eloquent_engelbart=Up 7 seconds;testcontainers-ryuk-20cbfc58-4b86-4264-8bc2-b3927b19af96=Up 17 minutes;] stats[eloquent_engelbart=130.95%,162.4MiB / 1.5GiB;testcontainers-ryuk-20cbfc58-4b86-4264-8bc2-b3927b19af96=0.00%,11.45MiB / 7.748GiB;]
2026-09-18T10:46:21Z ps[eloquent_engelbart=Up 38 seconds;testcontainers-ryuk-20cbfc58-4b86-4264-8bc2-b3927b19af96=Up 17 minutes;] stats[eloquent_engelbart=124.62%,266.6MiB / 1.5GiB;testcontainers-ryuk-20cbfc58-4b86-4264-8bc2-b3927b19af96=0.00%,11.45MiB / 7.748GiB;]
2026-09-18T10:46:52Z ps[eloquent_engelbart=Up About a minute;testcontainers-ryuk-20cbfc58-4b86-4264-8bc2-b3927b19af96=Up 18 minutes;] stats[eloquent_engelbart=122.65%,280.3MiB / 1.5GiB;testcontainers-ryuk-20cbfc58-4b86-4264-8bc2-b3927b19af96=0.00%,11.45MiB / 7.748GiB;]
2026-09-18T10:47:24Z ps[eloquent_engelbart=Up About a minute;testcontainers-ryuk-20cbfc58-4b86-4264-8bc2-b3927b19af96=Up 18 minutes;] stats[eloquent_engelbart=121.18%,286.4MiB / 1.5GiB;testcontainers-ryuk-20cbfc58-4b86-4264-8bc2-b3927b19af96=0.00%,11.45MiB / 7.748GiB;]
2026-09-18T10:47:56Z ps[eloquent_engelbart=Up 2 minutes;testcontainers-ryuk-20cbfc58-4b86-4264-8bc2-b3927b19af96=Up 19 minutes;] stats[eloquent_engelbart=121.62%,286.7MiB / 1.5GiB;testcontainers-ryuk-20cbfc58-4b86-4264-8bc2-b3927b19af96=0.00%,11.45MiB / 7.748GiB;]
2026-09-18T10:48:28Z ps[eloquent_engelbart=Up 2 minutes;testcontainers-ryuk-20cbfc58-4b86-4264-8bc2-b3927b19af96=Up 20 minutes;] stats[eloquent_engelbart=125.63%,287.4MiB / 1.5GiB;testcontainers-ryuk-20cbfc58-4b86-4264-8bc2-b3927b19af96=0.00%,11.45MiB / 7.748GiB;]
2026-09-18T10:49:01Z ps[eloquent_engelbart=Up 3 minutes;testcontainers-ryuk-20cbfc58-4b86-4264-8bc2-b3927b19af96=Up 20 minutes;] stats[eloquent_engelbart=122.30%,288MiB / 1.5GiB;testcontainers-ryuk-20cbfc58-4b86-4264-8bc2-b3927b19af96=0.00%,11.45MiB / 7.748GiB;]
